// Jest Snapshot v1, https://goo.gl/fbAQLP

exports[`Articles hook Articles snapshot testing 1`] = `ReactWrapper {}`;
