// Jest Snapshot v1, https://goo.gl/fbAQLP

exports[`ArticlesList render component without errors 1`] = `ShallowWrapper {}`;

exports[`ArticlesList render having no data 1`] = `ShallowWrapper {}`;

exports[`ArticlesList render having props 1`] = `ShallowWrapper {}`;
