// Jest Snapshot v1, https://goo.gl/fbAQLP

exports[`EventHandler component updateState method as expected 1`] = `ShallowWrapper {}`;
