// Jest Snapshot v1, https://goo.gl/fbAQLP

exports[`Users container unit testing Users container snapshot testing 1`] = `ReactWrapper {}`;
